W rknn-toolkit-lite2 version: 2.3.2
W Query dynamic range failed. Ret code: RKNN_ERR_MODEL_INVALID. (If it is a static shape RKNN model, please ignore the above warning message.)
W rknn-toolkit-lite2 version: 2.3.2
W Query dynamic range failed. Ret code: RKNN_ERR_MODEL_INVALID. (If it is a static shape RKNN model, please ignore the above warning message.)
W rknn-toolkit-lite2 version: 2.3.2
W Query dynamic range failed. Ret code: RKNN_ERR_MODEL_INVALID. (If it is a static shape RKNN model, please ignore the above warning message.)
W rknn-toolkit-lite2 version: 2.3.2
W Query dynamic range failed. Ret code: RKNN_ERR_MODEL_INVALID. (If it is a static shape RKNN model, please ignore the above warning message.)
hardware decode pipeline failed, fallback to default OpenCV source
[reader] source_mode=file
zone_a_mask: 启用，仅在Zone A内检测
Worker 0: LPR model loaded from lprnet.rknn
Worker 1: LPR model loaded from lprnet.rknn
[EVENT] cam=RK3588-DEV track=1 type=1 time=2025-12-26 04:27:28
[EVENT] cam=RK3588-DEV track=1 type=2 time=2025-12-26 04:28:34
[EVENT] cam=RK3588-DEV track=1 type=3 time=2025-12-26 04:28:35
[EVENT] cam=RK3588-DEV track=1 type=4 time=2025-12-26 04:30:24
[EVENT] cam=RK3588-DEV track=1 type=5 time=2025-12-26 04:30:24
[reader] local file reached EOF or failed, stopping.
Video /home/hinlink/下载/video/test01.mp4: frames=3825 elapsed=169.05s (22.63 FPS)
Average inference 31.28 ms over 3825 frames
Worker 0: frames=1924 infer_ms=31.12 throughput=11.38 FPS
Worker 1: frames=1901 infer_ms=31.44 throughput=11.25 FPS
I RKNN: [04:27:28.180] RKNN Runtime Information, librknnrt version: 2.3.2 (429f97ae6b@2025-04-09T09:09:27)
I RKNN: [04:27:28.180] RKNN Driver Information, version: 0.9.8
I RKNN: [04:27:28.181] RKNN Model Information, version: 6, toolkit version: 2.3.2(compiler version: 2.3.2 (e045de294f@2025-04-07T19:48:25)), target: RKNPU v2, target platform: rk3588, framework name: ONNX, framework layout: NCHW, model inference type: static_shape
W RKNN: [04:27:28.192] query RKNN_QUERY_INPUT_DYNAMIC_RANGE error, rknn model is static shape type, please export rknn with dynamic_shapes
I RKNN: [04:27:28.289] RKNN Runtime Information, librknnrt version: 2.3.2 (429f97ae6b@2025-04-09T09:09:27)
I RKNN: [04:27:28.289] RKNN Driver Information, version: 0.9.8
I RKNN: [04:27:28.290] RKNN Model Information, version: 6, toolkit version: 2.3.2(compiler version: 2.3.2 (e045de294f@2025-04-07T19:48:25)), target: RKNPU v2, target platform: rk3588, framework name: ONNX, framework layout: NCHW, model inference type: static_shape
W RKNN: [04:27:28.293] query RKNN_QUERY_INPUT_DYNAMIC_RANGE error, rknn model is static shape type, please export rknn with dynamic_shapes
I RKNN: [04:27:28.407] RKNN Runtime Information, librknnrt version: 2.3.2 (429f97ae6b@2025-04-09T09:09:27)
I RKNN: [04:27:28.407] RKNN Driver Information, version: 0.9.8
I RKNN: [04:27:28.407] RKNN Model Information, version: 6, toolkit version: 2.3.2(compiler version: 2.3.2 (e045de294f@2025-04-07T19:48:25)), target: RKNPU v2, target platform: rk3588, framework name: ONNX, framework layout: NCHW, model inference type: static_shape
W RKNN: [04:27:28.420] query RKNN_QUERY_INPUT_DYNAMIC_RANGE error, rknn model is static shape type, please export rknn with dynamic_shapes
I RKNN: [04:27:28.517] RKNN Runtime Information, librknnrt version: 2.3.2 (429f97ae6b@2025-04-09T09:09:27)
I RKNN: [04:27:28.517] RKNN Driver Information, version: 0.9.8
I RKNN: [04:27:28.517] RKNN Model Information, version: 6, toolkit version: 2.3.2(compiler version: 2.3.2 (e045de294f@2025-04-07T19:48:25)), target: RKNPU v2, target platform: rk3588, framework name: ONNX, framework layout: NCHW, model inference type: static_shape
W RKNN: [04:27:28.520] query RKNN_QUERY_INPUT_DYNAMIC_RANGE error, rknn model is static shape type, please export rknn with dynamic_shapes
